// Jest Snapshot v1, https://goo.gl/fbAQLP

exports[`SchemaObj fill data 1`] = `
Object {
  "m1": Array [
    Object {
      "field1": "Test",
      "id": "ID11",
      "model2": "ID56",
    },
  ],
  "m2": Array [
    "Field2valueSame",
  ],
}
`;

exports[`SchemaObj get query 1`] = `
"query {
    viewer {
        model1(first: 10) {
            edges {
                node {
                    id
                    field1
                    model2(where: {field1: [\\"test\\"], nullableField: null, field3: [field4: \\"field4Value1\\"]}) {
                        id
                    }
                }
            }
        }
        f1:model1(first: 15) {
            edges {
                node {
                    model2(where: {field1: [\\"test5\\"], field3: [field4: \\"field4Value2\\"]}) {
                        field2
                    }
                }
            }
        }
    }
}"
`;
