// Jest Snapshot v1, https://goo.gl/fbAQLP

exports[`Relay tests live 1`] = `
Object {
  "q": "query Q1 {
  viewer {
    model1 {
      edges {
        node {
          field1
          model2 {
            field2
            id
          }
          id
        }
      }
    }
    id
  }
}
",
  "subscriptionId": "1",
  "vars": undefined,
}
`;

exports[`Relay tests live 2`] = `
Object {
  "viewer": Object {
    "id": "Vmlld2VyOg==",
    "model1": Object {
      "edges": Array [
        Object {
          "node": Object {
            "field1": "field1Value",
            "id": "TW9kZWwyOjUw",
            "model2": Object {
              "field2": 15,
              "id": "TW9kZWwyOjEwMA==",
            },
          },
        },
      ],
    },
  },
}
`;

exports[`Relay tests live 3`] = `
Object {
  "viewer": Object {
    "id": "Vmlld2VyOg==",
    "model1": Object {
      "edges": Array [
        Object {
          "node": Object {
            "field1": "field1Value",
            "id": "TW9kZWwyOjUw",
            "model2": Object {
              "field2": 15,
              "id": "TW9kZWwyOjEwMA==",
            },
          },
        },
        Object {
          "node": Object {
            "field1": "field1Value2",
            "id": "TW9kZWwxOjUzMw==",
            "model2": Object {
              "field2": 18,
            },
          },
        },
      ],
    },
  },
}
`;

exports[`Relay tests live 4`] = `
Object {
  "viewer": Object {
    "id": "Vmlld2VyOg==",
    "model1": Object {
      "edges": Array [
        Object {
          "node": Object {
            "field1": "field1Value3",
            "id": "TW9kZWwyOjUw",
            "model2": Object {
              "field2": 19,
              "id": "TW9kZWwyOjEwMA==",
            },
          },
        },
        Object {
          "node": Object {
            "field1": "field1Value2",
            "id": "TW9kZWwxOjUzMw==",
            "model2": Object {
              "field2": 18,
            },
          },
        },
      ],
    },
  },
}
`;

exports[`Relay tests live 5`] = `
Object {
  "viewer": Object {
    "id": "Vmlld2VyOg==",
    "model1": Object {
      "edges": Array [
        Object {
          "node": Object {
            "field1": "field1Value2",
            "id": "TW9kZWwxOjUzMw==",
            "model2": Object {
              "field2": 18,
            },
          },
        },
      ],
    },
  },
}
`;

exports[`Relay tests live 6`] = `
Object {
  "q": "query Q1 {
  viewer {
    model1 {
      edges {
        node {
          field1
          model2 {
            field2
            id
          }
          id
        }
      }
    }
    id
  }
}
",
  "subscriptionId": "1",
  "vars": undefined,
}
`;

exports[`Relay tests live 7`] = `
Object {
  "viewer": Object {
    "id": "Vmlld2VyOg==",
    "model1": Object {
      "edges": Array [
        Object {
          "node": Object {
            "field1": "field1Value",
            "id": "TW9kZWwyOjUw",
            "model2": Object {
              "field2": 15,
              "id": "TW9kZWwyOjEwMA==",
            },
          },
        },
      ],
    },
  },
}
`;
